// Jest Snapshot v1, https://goo.gl/fbAQLP

exports[`With Snapshot Testing App shows "Hello world!" 1`] = `
<div
  style={
    Object {
      "border": "1px solid #DDD",
      "margin": 20,
      "padding": 20,
    }
  }
>
  <header>
    <nav>
      <a
        href="/"
        onClick={[Function]}
      >
        <span>
          Hi link home
        </span>
      </a>
       |
      <a
        href="/post"
        onClick={[Function]}
      >
        <span>
          Hi link post
        </span>
      </a>
    </nav>
  </header>
  <div>
    <h1>
      <span>
        Hi for default
      </span>
    </h1>
    <span
      dangerouslySetInnerHTML={
        Object {
          "__html": "Hi for default email",
        }
      }
    />
  </div>
  <footer
    style={
      Object {
        "border": "1px solid #DDD",
        "margin": 20,
        "padding": 20,
      }
    }
  >
    I\`m here to stay
  </footer>
</div>
`;
